// Jest Snapshot v1, https://goo.gl/fbAQLP

exports[`<SearchBar /> should match snapshot 1`] = `
<DocumentFragment>
  <div
    class="w-100 mw7 pv4 searchBarContainer"
  >
    <div
      class="NoSSR-mock"
    >
      <div
        aria-expanded="false"
        aria-haspopup="listbox"
        aria-labelledby="downshift-1-label"
        class="relative-m w-100"
        role="combobox"
      >
        <div
          class="flex"
        >
          <div
            class="w-100"
          >
            <label>
              <input
                aria-autocomplete="list"
                aria-labelledby="downshift-1-label"
                autocomplete="off"
                id="downshift-1-input"
                placeholder="Search"
                suffix="[object Object]"
                value=""
              />
            </label>
          </div>
        </div>
        <div>
          <div
            style="width: 320px;"
          >
            <ul
              aria-labelledby="downshift-1-label"
              class="resultsList z-max w-100 bl-ns bb br-ns bw1 b--muted-4 bg-base c-on-base t-body left-0 list pv4 ph0 mv0 absolute dn"
              id="downshift-1-menu"
              role="listbox"
            />
          </div>
        </div>
      </div>
    </div>
  </div>
</DocumentFragment>
`;
