// Jest Snapshot v1, https://goo.gl/fbAQLP

exports[`<SKUSelector /> should match the snapshot 1`] = `
<DocumentFragment>
  <div
    class="skuSelectorContainer"
  >
    <div
      class="flex flex-column mb7 skuSelectorSubcontainer skuSelectorSubcontainer--color"
    >
      <div
        class="skuSelectorNameContainer ma1"
      >
        <div
          class="skuSelectorTextContainer db mb3"
        >
          <span
            class="skuSelectorName c-muted-1 t-small overflow-hidden"
          >
            Color 
          </span>
        </div>
        <div
          class="skuSelectorOptionsList inline-flex flex-wrap ml2 flex items-center"
        >
          <div
            class="skuSelectorItem skuSelectorItem--black relative di pointer flex items-center outline-0 skuSelectorItemImage"
            role="button"
            tabindex="0"
          >
            <div
              class="frameAround absolute b--action-primary br3 bw1"
            />
            <div
              class="w-100 h-100 b--muted-4 br2 b z-1 c-muted-5 flex items-center overflow-hidden hover-b--muted-2 ba"
            >
              <div
                class="absolute absolute--fill"
              />
              <div
                class="h-100"
              >
                <img
                  alt=""
                  class="skuSelectorItemImageValue"
                  src="sku-image-Black-url"
                />
              </div>
            </div>
          </div>
          <div
            class="skuSelectorItem skuSelectorItem--blue relative di pointer flex items-center outline-0 skuSelectorItemImage"
            role="button"
            tabindex="0"
          >
            <div
              class="frameAround absolute b--action-primary br3 bw1"
            />
            <div
              class="w-100 h-100 b--muted-4 br2 b z-1 c-muted-5 flex items-center overflow-hidden hover-b--muted-2 ba"
            >
              <div
                class="absolute absolute--fill"
              />
              <div
                class="h-100"
              >
                <img
                  alt=""
                  class="skuSelectorItemImageValue"
                  src="sku-image-Blue-url"
                />
              </div>
            </div>
          </div>
          <div
            class="skuSelectorItem skuSelectorItem--yellow relative di pointer flex items-center outline-0 skuSelectorItemImage"
            role="button"
            tabindex="0"
          >
            <div
              class="frameAround absolute b--action-primary br3 bw1"
            />
            <div
              class="w-100 h-100 b--muted-4 br2 b z-1 c-muted-5 flex items-center overflow-hidden hover-b--muted-2 ba"
            >
              <div
                class="absolute absolute--fill"
              />
              <div
                class="h-100"
              >
                <img
                  alt=""
                  class="skuSelectorItemImageValue"
                  src="sku-image-Yellow-url"
                />
              </div>
            </div>
          </div>
        </div>
      </div>
    </div>
  </div>
</DocumentFragment>
`;
